bun test v1.3.14 (0d9b296a)

src/matched-render.test.ts:
13 |   answer: "A",
14 |   design: { axis: "lightness", difficulty: "mid", layout: "dot", sizePx: 20, strokePx: 0 },
15 | };
16 | 
17 | test("outline and neutral-surround instructions describe all matched conditions", () => {
18 |   expect(PROMPTS.smallmatch).toContain("including colored outlines");
                                  ^
error: expect(received).toContain(expected)

Expected to contain: "including colored outlines"
Received: "Which swatch, A, B, C, or D, has the same color as reference R? The swatches are small; compare the colored regions, not labels or borders. Return only a JSON object with one key, \"choice\", whose value is the selected option letter."

      at <anonymous> (/tmp/colorbench-fix05-reversion-an84dnzp/src/matched-render.test.ts:18:30)
(fail) outline and neutral-surround instructions describe all matched conditions [0.16ms]
22 | 
23 | test("filled-size conditions retain field centers and label positions", () => {
24 |   const large = { ...sample, design: { ...sample.design, sizePx: 84 } };
25 |   const smallFields = placeFields(sample);
26 |   const largeFields = placeFields(large);
27 |   expect(largeFields.map((r) => r.width)).toEqual([84, 84, 84, 84, 84]);
                                               ^
error: expect(received).toEqual(expected)

  [
-   84,
-   84,
-   84,
-   84,
-   84,
+   20,
+   20,
+   20,
+   20,
+   20,
  ]

- Expected  - 5
+ Received  + 5

      at <anonymous> (/tmp/colorbench-fix05-reversion-an84dnzp/src/matched-render.test.ts:27:43)
(fail) filled-size conditions retain field centers and label positions [0.64ms]
34 | 
35 | test("outline width changes only the colored stroke at fixed outer dimensions", async () => {
36 |   const frame = (strokePx: number): ColorSpecimenConfig => ({
37 |     ...sample, design: { ...sample.design, layout: "frame", sizePx: 84, strokePx },
38 |   });
39 |   expect(placeFields(frame(12)).every((r) => r.width === 84 && r.ring?.width === 12)).toBe(true);
                                                                                           ^
error: expect(received).toBe(expected)

Expected: true
Received: false

      at <anonymous> (/tmp/colorbench-fix05-reversion-an84dnzp/src/matched-render.test.ts:39:87)
(fail) outline width changes only the colored stroke at fixed outer dimensions [0.56ms]
57 | test("context renders recorded neutral and rotated surrounds", () => {
58 |   const surround = { A: [238, 238, 238], B: [238, 238, 238], C: [238, 238, 238], D: [238, 238, 238] };
59 |   const s: ColorSpecimenConfig = { ...sample, family: "context", design: {
60 |     axis: "lightness", difficulty: "mid", surround,
61 |   } };
62 |   expect(placeFields(s).filter((r) => r.role === "option").map((r) => r.ring?.color)).toEqual(
                                                                                           ^
error: expect(received).toEqual(expected)

  [
    [
-     238,
-     238,
-     238,
+     34,
+     34,
+     34,
    ],
    [
-     238,
-     238,
-     238,
+     216,
+     204,
+     184,
    ],
    [
-     238,
-     238,
-     238,
+     202,
+     87,
+     71,
    ],
    [
-     238,
-     238,
-     238,
+     53,
+     141,
+     165,
    ],
  ]

- Expected  - 12
+ Received  + 12

      at <anonymous> (/tmp/colorbench-fix05-reversion-an84dnzp/src/matched-render.test.ts:62:87)
(fail) context renders recorded neutral and rotated surrounds [0.28ms]

 0 pass
 4 fail
 4 expect() calls
Ran 4 tests across 1 file. [333.00ms]
