bun test v1.3.14 (0d9b296a)

src/harder-design.test.ts:
(pass) controlled 0.4.0 corpus design > contains the 512-question candidate corpus [1.25ms]
(pass) controlled 0.4.0 corpus design > balances every choice location within a family [0.58ms]
(pass) controlled 0.4.0 corpus design > crosses every sweep separation with every answer position [1.07ms]
(pass) controlled 0.4.0 corpus design > crosses equality, surrounds, and layouts with positions [0.60ms]
(pass) controlled 0.4.0 corpus design > pairs matching with binding and numeric formats with shared bytes [1.14ms]
(pass) controlled 0.4.0 corpus design > keeps every exact-match target distinct from its distractors [0.91ms]
(pass) controlled 0.4.0 corpus design > records decoded ordering gaps near the intended separations [0.90ms]
(pass) controlled 0.4.0 corpus design > comparison base hue never determines the answer position [0.26ms]
(pass) controlled 0.4.0 corpus design > target rank covers all four possibilities independently of answer position [3.07ms]
(pass) controlled 0.4.0 corpus design > samediff hue and signed color change carry no answer information [0.47ms]
(pass) controlled 0.4.0 corpus design > lightness gray variant never determines the answer [0.37ms]
(pass) controlled 0.4.0 corpus design > hue offsets realize the recorded minimum at every level [0.41ms]
(pass) controlled 0.4.0 corpus design > hue fully crosses both contexts with all references [0.21ms]
(pass) controlled 0.4.0 corpus design > gradient option fields cross all references [0.18ms]
(pass) controlled 0.4.0 corpus design > exact-match nearest gaps realize the recorded separation [1.71ms]
(pass) controlled 0.4.0 corpus design > hue winners share decoded pixels and runners-up track the minimum [0.45ms]

src/matched-render.test.ts:
(pass) outline and neutral-surround instructions describe all matched conditions [0.84ms]
(pass) filled-size conditions retain field centers and label positions [11.37ms]
(pass) outline width changes only the colored stroke at fixed outer dimensions [967.58ms]
(pass) context renders recorded neutral and rotated surrounds [0.40ms]

src/output.test.ts:
(pass) candidate-only renderer output > refuses historical, arbitrary, symlinked and registered release outputs [1.38ms]

src/harder-render.test.ts:
(pass) harder family rendering > typescript prompts match the python protocol bytes exactly [0.35ms]
(pass) harder family rendering > samediff places two patches with no target and keeps images mapping-neutral [5.96ms]
(pass) harder family rendering > samediff ground truth derives choice from equality and mapping [0.63ms]
(pass) harder family rendering > context records interior regions inside fixed surround canvases [0.31ms]
(pass) harder family rendering > smallmatch dot uses 20px fields and frame uses outlined fields [3.81ms]
(pass) harder family rendering > frame canvases paint ring color on the border and background inside [300.79ms]

src/colors.test.ts:
(pass) frozen color conversions > matches independently published sRGB primary Oklab values [0.14ms]
(pass) frozen color conversions > uses explicit HSL units and canonical achromatic hue [0.35ms]
(pass) frozen color conversions > round trips a grid including neutrals and gamut boundaries [1.31ms]
(pass) frozen color conversions > rejects out-of-gamut construction instead of silently clipping [0.12ms]

src/reference-control.test.ts:
(pass) matching: every identical option field has all four reference answers [0.55ms]
(pass) binding: every identical option field has all four reference answers [0.24ms]
(pass) context: every identical option field has all four reference answers [0.49ms]
(pass) smallmatch: every identical option field has all four reference answers [0.29ms]
(pass) hue: every identical option field has all four reference answers [0.15ms]
(pass) gradient: every identical option field has all four reference answers [4.43ms]

src/direct-controls.test.ts:
(pass) direct-color controls for 0.4.0 > declares every controlled task and only explicit shared-image variants [0.43ms]
(pass) direct-color controls for 0.4.0 > same-different crosses both endpoint identities, orientation, and mapping [1.95ms]
(pass) direct-color controls for 0.4.0 > lightness reuses interior endpoints and bounds either single-patch predictor [1.56ms]
(pass) direct-color controls for 0.4.0 > chroma reuses interior endpoints and bounds either single-patch predictor [0.96ms]
(pass) direct-color controls for 0.4.0 > gradient endpoints and histograms cannot identify the matching progression [7.42ms]
(pass) direct-color controls for 0.4.0 > context interventions hold task colors fixed and cross all surround positions [1.41ms]
(pass) direct-color controls for 0.4.0 > small-region interventions hold each palette and answer fixed across all geometries [0.67ms]

src/render.test.ts:
(pass) actual rendered evidence > repeated page renders paint fresh opaque fields and reject a corrupted target [590.94ms]
(pass) actual rendered evidence > numeric image bytes do not reveal the requested representation [551.16ms]

 46 pass
 0 fail
 7662 expect() calls
Ran 46 tests across 8 files. [2.07s]
