bun test v1.3.14 (0d9b296a)

direct-controls.test.ts:
24 |   return correct / rows.length;
25 | }
26 | 
27 | describe("direct-color controls for 0.4.0", () => {
28 |   test("declares every controlled task and only explicit shared-image variants", () => {
29 |     expect(SPECIMENS).toHaveLength(512);
                           ^
error: expect(received).toHaveLength(expected)

Expected length: 512
Received length: 264

      at <anonymous> (/tmp/colorbench-generator-reversion-t3ms48h9/direct-controls.test.ts:29:23)
(fail) direct-color controls for 0.4.0 > declares every controlled task and only explicit shared-image variants [0.29ms]
32 |   });
33 | 
34 |   test("same-different crosses both endpoint identities, orientation, and mapping", () => {
35 |     const rows = SPECIMENS.filter((row) => row.family === "samediff");
36 |     const pairs = grouped(rows, (row) => row.design.pairSetId);
37 |     expect(pairs).toHaveLength(6);
                       ^
error: expect(received).toHaveLength(expected)

Expected length: 6
Received length: 1

      at <anonymous> (/tmp/colorbench-generator-reversion-t3ms48h9/direct-controls.test.ts:37:19)
(fail) direct-color controls for 0.4.0 > same-different crosses both endpoint identities, orientation, and mapping [0.69ms]
60 | 
61 |   for (const family of ["lightness", "chroma"] as const) {
62 |     test(`${family} reuses interior endpoints and bounds either single-patch predictor`, () => {
63 |       const rows = SPECIMENS.filter((row) => row.family === family);
64 |       const chains = grouped(rows, (row) => row.design.comparisonSetId);
65 |       expect(rows).toHaveLength(64);
                        ^
error: expect(received).toHaveLength(expected)

Expected length: 64
Received length: 16

      at <anonymous> (/tmp/colorbench-generator-reversion-t3ms48h9/direct-controls.test.ts:65:20)
(fail) direct-color controls for 0.4.0 > lightness reuses interior endpoints and bounds either single-patch predictor [0.38ms]
60 | 
61 |   for (const family of ["lightness", "chroma"] as const) {
62 |     test(`${family} reuses interior endpoints and bounds either single-patch predictor`, () => {
63 |       const rows = SPECIMENS.filter((row) => row.family === family);
64 |       const chains = grouped(rows, (row) => row.design.comparisonSetId);
65 |       expect(rows).toHaveLength(64);
                        ^
error: expect(received).toHaveLength(expected)

Expected length: 64
Received length: 16

      at <anonymous> (/tmp/colorbench-generator-reversion-t3ms48h9/direct-controls.test.ts:65:20)
(fail) direct-color controls for 0.4.0 > chroma reuses interior endpoints and bounds either single-patch predictor [0.07ms]
84 |     });
85 |   }
86 | 
87 |   test("gradient endpoints and histograms cannot identify the matching progression", () => {
88 |     const sets = grouped(SPECIMENS.filter((row) => row.family === "gradient"), (row) => row.design.optionSetId);
89 |     expect(sets).toHaveLength(4);
                      ^
error: expect(received).toHaveLength(expected)

Expected length: 4
Received length: 2

      at <anonymous> (/tmp/colorbench-generator-reversion-t3ms48h9/direct-controls.test.ts:89:18)
(fail) direct-color controls for 0.4.0 > gradient endpoints and histograms cannot identify the matching progression [0.38ms]
113 |     }
114 |   });
115 | 
116 |   test("context interventions hold task colors fixed and cross all surround positions", () => {
117 |     const rows = SPECIMENS.filter((row) => row.family === "context");
118 |     expect(rows).toHaveLength(80);
                       ^
error: expect(received).toHaveLength(expected)

Expected length: 80
Received length: 16

      at <anonymous> (/tmp/colorbench-generator-reversion-t3ms48h9/direct-controls.test.ts:118:18)
(fail) direct-color controls for 0.4.0 > context interventions hold task colors fixed and cross all surround positions [0.23ms]
133 |     }
134 |   });
135 | 
136 |   test("small-region interventions hold each palette and answer fixed across all geometries", () => {
137 |     const rows = SPECIMENS.filter((row) => row.family === "smallmatch");
138 |     expect(rows).toHaveLength(64);
                       ^
error: expect(received).toHaveLength(expected)

Expected length: 64
Received length: 16

      at <anonymous> (/tmp/colorbench-generator-reversion-t3ms48h9/direct-controls.test.ts:138:18)
(fail) direct-color controls for 0.4.0 > small-region interventions hold each palette and answer fixed across all geometries [0.18ms]

 0 pass
 7 fail
 7 expect() calls
Ran 7 tests across 1 file. [78.00ms]
